I'm sorry, but errors were detected in your script. Please correct the
errors listed below, and try again.


File "game/script.rpy", line 124: expected ':' not found.
    transform girl_meet_huntress1
                                 ^

Ren'Py Version: Ren'Py 7.1.3.1092
Wed May 15 13:06:26 2019
